[2026-09-09 19:01:39]:C:\wwwroot\sahanaz1337.top\vendor\guzzlehttp\guzzle\src\Exception\RequestException.php:113<br>Client error: `POST https://byte.3rd.mcycdn.com/store/service` resulted in a `403 Forbidden` response:
<html>
<head><title>403 Forbidden</title></head>
<body>
<center><h1>403 Forbidden</h1></center>
<hr><center>nginx</c (truncated...)

[2026-09-09 19:01:39]:C:\wwwroot\sahanaz1337.top\vendor\guzzlehttp\guzzle\src\Exception\RequestException.php:113<br>Client error: `POST https://byte.3rd.mcycdn.com/store/plugins` resulted in a `403 Forbidden` response:
<html>
<head><title>403 Forbidden</title></head>
<body>
<center><h1>403 Forbidden</h1></center>
<hr><center>nginx</c (truncated...)

[2026-09-09 19:01:46]:C:\wwwroot\sahanaz1337.top\vendor\guzzlehttp\guzzle\src\Exception\RequestException.php:113<br>Client error: `POST https://byte.3rd.mcycdn.com/store/service` resulted in a `403 Forbidden` response:
<html>
<head><title>403 Forbidden</title></head>
<body>
<center><h1>403 Forbidden</h1></center>
<hr><center>nginx</c (truncated...)

[2026-09-09 19:01:48]:C:\wwwroot\sahanaz1337.top\vendor\guzzlehttp\guzzle\src\Exception\RequestException.php:113<br>Client error: `POST https://byte.3rd.mcycdn.com/store/service` resulted in a `403 Forbidden` response:
<html>
<head><title>403 Forbidden</title></head>
<body>
<center><h1>403 Forbidden</h1></center>
<hr><center>nginx</c (truncated...)

[2026-09-09 19:01:48]:C:\wwwroot\sahanaz1337.top\vendor\guzzlehttp\guzzle\src\Exception\RequestException.php:113<br>Client error: `POST https://byte.3rd.mcycdn.com/store/service` resulted in a `403 Forbidden` response:
<html>
<head><title>403 Forbidden</title></head>
<body>
<center><h1>403 Forbidden</h1></center>
<hr><center>nginx</c (truncated...)

[2026-09-09 19:01:48]:C:\wwwroot\sahanaz1337.top\vendor\guzzlehttp\guzzle\src\Exception\RequestException.php:113<br>Client error: `POST https://byte.3rd.mcycdn.com/store/plugins` resulted in a `403 Forbidden` response:
<html>
<head><title>403 Forbidden</title></head>
<body>
<center><h1>403 Forbidden</h1></center>
<hr><center>nginx</c (truncated...)

[2026-09-09 19:01:50]:C:\wwwroot\sahanaz1337.top\vendor\guzzlehttp\guzzle\src\Exception\RequestException.php:113<br>Client error: `POST https://tencent.3rd.mcycdn.com/store/service` resulted in a `403 Forbidden` response:
<html>
<head><title>403 Forbidden</title></head>
<body>
<center><h1>403 Forbidden</h1></center>
<hr><center>nginx</c (truncated...)

[2026-09-09 19:27:36]:C:\wwwroot\sahanaz1337.top\vendor\guzzlehttp\guzzle\src\Exception\RequestException.php:113<br>Client error: `POST https://tencent.3rd.mcycdn.com/store/plugins` resulted in a `403 Forbidden` response:
<html>
<head><title>403 Forbidden</title></head>
<body>
<center><h1>403 Forbidden</h1></center>
<hr><center>nginx</c (truncated...)

[2026-09-09 19:27:36]:C:\wwwroot\sahanaz1337.top\vendor\guzzlehttp\guzzle\src\Exception\RequestException.php:113<br>Client error: `POST https://tencent.3rd.mcycdn.com/store/service` resulted in a `403 Forbidden` response:
<html>
<head><title>403 Forbidden</title></head>
<body>
<center><h1>403 Forbidden</h1></center>
<hr><center>nginx</c (truncated...)

[2026-09-09 19:30:48]:C:\wwwroot\sahanaz1337.top\vendor\guzzlehttp\guzzle\src\Exception\RequestException.php:113<br>Client error: `POST https://tencent.3rd.mcycdn.com/store/plugins` resulted in a `403 Forbidden` response:
<html>
<head><title>403 Forbidden</title></head>
<body>
<center><h1>403 Forbidden</h1></center>
<hr><center>nginx</c (truncated...)

[2026-09-09 19:30:48]:C:\wwwroot\sahanaz1337.top\vendor\guzzlehttp\guzzle\src\Exception\RequestException.php:113<br>Client error: `POST https://tencent.3rd.mcycdn.com/store/service` resulted in a `403 Forbidden` response:
<html>
<head><title>403 Forbidden</title></head>
<body>
<center><h1>403 Forbidden</h1></center>
<hr><center>nginx</c (truncated...)

[2026-09-09 19:39:40]:C:\wwwroot\sahanaz1337.top\vendor\guzzlehttp\guzzle\src\Exception\RequestException.php:113<br>Client error: `POST https://tencent.3rd.mcycdn.com/store/service` resulted in a `403 Forbidden` response:
<html>
<head><title>403 Forbidden</title></head>
<body>
<center><h1>403 Forbidden</h1></center>
<hr><center>nginx</c (truncated...)

[2026-09-09 19:39:40]:C:\wwwroot\sahanaz1337.top\vendor\guzzlehttp\guzzle\src\Exception\RequestException.php:113<br>Client error: `POST https://tencent.3rd.mcycdn.com/store/plugins` resulted in a `403 Forbidden` response:
<html>
<head><title>403 Forbidden</title></head>
<body>
<center><h1>403 Forbidden</h1></center>
<hr><center>nginx</c (truncated...)

[2026-09-09 19:41:00]:C:\wwwroot\sahanaz1337.top\vendor\guzzlehttp\guzzle\src\Exception\RequestException.php:113<br>Client error: `POST https://tencent.3rd.mcycdn.com/store/plugins` resulted in a `403 Forbidden` response:
<html>
<head><title>403 Forbidden</title></head>
<body>
<center><h1>403 Forbidden</h1></center>
<hr><center>nginx</c (truncated...)

[2026-09-09 19:41:00]:C:\wwwroot\sahanaz1337.top\vendor\guzzlehttp\guzzle\src\Exception\RequestException.php:113<br>Client error: `POST https://tencent.3rd.mcycdn.com/store/service` resulted in a `403 Forbidden` response:
<html>
<head><title>403 Forbidden</title></head>
<body>
<center><h1>403 Forbidden</h1></center>
<hr><center>nginx</c (truncated...)

[2026-09-09 20:39:12]:C:\wwwroot\sahanaz1337.top\vendor\guzzlehttp\guzzle\src\Exception\RequestException.php:113<br>Client error: `POST https://tencent.3rd.mcycdn.com/store/service` resulted in a `403 Forbidden` response:
<html>
<head><title>403 Forbidden</title></head>
<body>
<center><h1>403 Forbidden</h1></center>
<hr><center>nginx</c (truncated...)

[2026-09-09 20:39:12]:C:\wwwroot\sahanaz1337.top\vendor\guzzlehttp\guzzle\src\Exception\RequestException.php:113<br>Client error: `POST https://tencent.3rd.mcycdn.com/store/plugins` resulted in a `403 Forbidden` response:
<html>
<head><title>403 Forbidden</title></head>
<body>
<center><h1>403 Forbidden</h1></center>
<hr><center>nginx</c (truncated...)

[2026-09-09 20:41:31]:C:\wwwroot\sahanaz1337.top\vendor\guzzlehttp\guzzle\src\Exception\RequestException.php:113<br>Client error: `POST https://tencent.3rd.mcycdn.com/store/service` resulted in a `403 Forbidden` response:
<html>
<head><title>403 Forbidden</title></head>
<body>
<center><h1>403 Forbidden</h1></center>
<hr><center>nginx</c (truncated...)

[2026-09-09 20:41:31]:C:\wwwroot\sahanaz1337.top\vendor\guzzlehttp\guzzle\src\Exception\RequestException.php:113<br>Client error: `POST https://tencent.3rd.mcycdn.com/store/plugins` resulted in a `403 Forbidden` response:
<html>
<head><title>403 Forbidden</title></head>
<body>
<center><h1>403 Forbidden</h1></center>
<hr><center>nginx</c (truncated...)

[2026-09-09 20:58:54]:C:\wwwroot\sahanaz1337.top\vendor\guzzlehttp\guzzle\src\Exception\RequestException.php:113<br>Client error: `POST https://tencent.3rd.mcycdn.com/store/service` resulted in a `403 Forbidden` response:
<html>
<head><title>403 Forbidden</title></head>
<body>
<center><h1>403 Forbidden</h1></center>
<hr><center>nginx</c (truncated...)

[2026-09-09 20:58:54]:C:\wwwroot\sahanaz1337.top\vendor\guzzlehttp\guzzle\src\Exception\RequestException.php:113<br>Client error: `POST https://tencent.3rd.mcycdn.com/store/plugins` resulted in a `403 Forbidden` response:
<html>
<head><title>403 Forbidden</title></head>
<body>
<center><h1>403 Forbidden</h1></center>
<hr><center>nginx</c (truncated...)

[2026-09-09 20:59:31]:C:\wwwroot\sahanaz1337.top\vendor\guzzlehttp\guzzle\src\Exception\RequestException.php:113<br>Client error: `POST https://tencent.3rd.mcycdn.com/store/service` resulted in a `403 Forbidden` response:
<html>
<head><title>403 Forbidden</title></head>
<body>
<center><h1>403 Forbidden</h1></center>
<hr><center>nginx</c (truncated...)

[2026-09-09 20:59:31]:C:\wwwroot\sahanaz1337.top\vendor\guzzlehttp\guzzle\src\Exception\RequestException.php:113<br>Client error: `POST https://tencent.3rd.mcycdn.com/store/plugins` resulted in a `403 Forbidden` response:
<html>
<head><title>403 Forbidden</title></head>
<body>
<center><h1>403 Forbidden</h1></center>
<hr><center>nginx</c (truncated...)

[2026-09-09 21:17:08]:C:\wwwroot\sahanaz1337.top\vendor\guzzlehttp\guzzle\src\Exception\RequestException.php:113<br>Client error: `POST https://tencent.3rd.mcycdn.com/store/service` resulted in a `403 Forbidden` response:
<html>
<head><title>403 Forbidden</title></head>
<body>
<center><h1>403 Forbidden</h1></center>
<hr><center>nginx</c (truncated...)

[2026-09-09 21:17:08]:C:\wwwroot\sahanaz1337.top\vendor\guzzlehttp\guzzle\src\Exception\RequestException.php:113<br>Client error: `POST https://tencent.3rd.mcycdn.com/store/plugins` resulted in a `403 Forbidden` response:
<html>
<head><title>403 Forbidden</title></head>
<body>
<center><h1>403 Forbidden</h1></center>
<hr><center>nginx</c (truncated...)

[2026-09-09 21:24:35]:C:\wwwroot\sahanaz1337.top\vendor\guzzlehttp\guzzle\src\Exception\RequestException.php:113<br>Client error: `POST https://tencent.3rd.mcycdn.com/store/plugins` resulted in a `403 Forbidden` response:
<html>
<head><title>403 Forbidden</title></head>
<body>
<center><h1>403 Forbidden</h1></center>
<hr><center>nginx</c (truncated...)

[2026-09-09 21:24:35]:C:\wwwroot\sahanaz1337.top\vendor\guzzlehttp\guzzle\src\Exception\RequestException.php:113<br>Client error: `POST https://tencent.3rd.mcycdn.com/store/service` resulted in a `403 Forbidden` response:
<html>
<head><title>403 Forbidden</title></head>
<body>
<center><h1>403 Forbidden</h1></center>
<hr><center>nginx</c (truncated...)

[2026-09-10 13:43:40]:C:\wwwroot\sahanaz1337.top\vendor\guzzlehttp\guzzle\src\Exception\RequestException.php:113<br>Client error: `POST https://tencent.3rd.mcycdn.com/store/service` resulted in a `403 Forbidden` response:
<html>
<head><title>403 Forbidden</title></head>
<body>
<center><h1>403 Forbidden</h1></center>
<hr><center>nginx</c (truncated...)

[2026-09-10 13:43:40]:C:\wwwroot\sahanaz1337.top\vendor\guzzlehttp\guzzle\src\Exception\RequestException.php:113<br>Client error: `POST https://tencent.3rd.mcycdn.com/store/plugins` resulted in a `403 Forbidden` response:
<html>
<head><title>403 Forbidden</title></head>
<body>
<center><h1>403 Forbidden</h1></center>
<hr><center>nginx</c (truncated...)

[2026-09-10 19:22:20]:C:\wwwroot\sahanaz1337.top\vendor\guzzlehttp\guzzle\src\Exception\RequestException.php:113<br>Client error: `POST https://tencent.3rd.mcycdn.com/store/plugins` resulted in a `403 Forbidden` response:
<html>
<head><title>403 Forbidden</title></head>
<body>
<center><h1>403 Forbidden</h1></center>
<hr><center>nginx</c (truncated...)

[2026-09-10 19:22:20]:C:\wwwroot\sahanaz1337.top\vendor\guzzlehttp\guzzle\src\Exception\RequestException.php:113<br>Client error: `POST https://tencent.3rd.mcycdn.com/store/service` resulted in a `403 Forbidden` response:
<html>
<head><title>403 Forbidden</title></head>
<body>
<center><h1>403 Forbidden</h1></center>
<hr><center>nginx</c (truncated...)

[2026-09-10 19:22:45]:C:\wwwroot\sahanaz1337.top\vendor\guzzlehttp\guzzle\src\Exception\RequestException.php:113<br>Client error: `POST https://tencent.3rd.mcycdn.com/store/service` resulted in a `403 Forbidden` response:
<html>
<head><title>403 Forbidden</title></head>
<body>
<center><h1>403 Forbidden</h1></center>
<hr><center>nginx</c (truncated...)

[2026-09-10 19:29:46]:C:\wwwroot\sahanaz1337.top\vendor\guzzlehttp\guzzle\src\Exception\RequestException.php:113<br>Client error: `POST https://tencent.3rd.mcycdn.com/store/plugins` resulted in a `403 Forbidden` response:
<html>
<head><title>403 Forbidden</title></head>
<body>
<center><h1>403 Forbidden</h1></center>
<hr><center>nginx</c (truncated...)

[2026-09-10 19:29:46]:C:\wwwroot\sahanaz1337.top\vendor\guzzlehttp\guzzle\src\Exception\RequestException.php:113<br>Client error: `POST https://tencent.3rd.mcycdn.com/store/service` resulted in a `403 Forbidden` response:
<html>
<head><title>403 Forbidden</title></head>
<body>
<center><h1>403 Forbidden</h1></center>
<hr><center>nginx</c (truncated...)

[2026-09-10 19:32:28]:C:\wwwroot\sahanaz1337.top\vendor\guzzlehttp\guzzle\src\Exception\RequestException.php:113<br>Client error: `POST https://tencent.3rd.mcycdn.com/store/plugins` resulted in a `403 Forbidden` response:
<html>
<head><title>403 Forbidden</title></head>
<body>
<center><h1>403 Forbidden</h1></center>
<hr><center>nginx</c (truncated...)

[2026-09-10 19:32:28]:C:\wwwroot\sahanaz1337.top\vendor\guzzlehttp\guzzle\src\Exception\RequestException.php:113<br>Client error: `POST https://tencent.3rd.mcycdn.com/store/service` resulted in a `403 Forbidden` response:
<html>
<head><title>403 Forbidden</title></head>
<body>
<center><h1>403 Forbidden</h1></center>
<hr><center>nginx</c (truncated...)

[2026-09-10 20:45:26]:C:\wwwroot\sahanaz1337.top\app\Controller\User\Api\Promote.php:127<br>App\Controller\User\Api\Promote::buildRow(): Argument #2 ($race) must be of type ?string, int given, called in C:\wwwroot\sahanaz1337.top\app\Controller\User\Api\Promote.php on line 60
[2026-09-10 20:45:34]:C:\wwwroot\sahanaz1337.top\app\Controller\User\Api\Promote.php:127<br>App\Controller\User\Api\Promote::buildRow(): Argument #2 ($race) must be of type ?string, int given, called in C:\wwwroot\sahanaz1337.top\app\Controller\User\Api\Promote.php on line 60
[2026-09-10 20:45:46]:C:\wwwroot\sahanaz1337.top\app\Controller\User\Api\Promote.php:127<br>App\Controller\User\Api\Promote::buildRow(): Argument #2 ($race) must be of type ?string, int given, called in C:\wwwroot\sahanaz1337.top\app\Controller\User\Api\Promote.php on line 60
[2026-09-10 20:46:09]:C:\wwwroot\sahanaz1337.top\app\Controller\User\Api\Promote.php:127<br>App\Controller\User\Api\Promote::buildRow(): Argument #2 ($race) must be of type ?string, int given, called in C:\wwwroot\sahanaz1337.top\app\Controller\User\Api\Promote.php on line 60
[2026-09-10 22:07:24]:C:\wwwroot\sahanaz1337.top\vendor\guzzlehttp\guzzle\src\Exception\RequestException.php:113<br>Client error: `POST https://tencent.3rd.mcycdn.com/store/plugins` resulted in a `403 Forbidden` response:
<html>
<head><title>403 Forbidden</title></head>
<body>
<center><h1>403 Forbidden</h1></center>
<hr><center>nginx</c (truncated...)

[2026-09-10 22:07:25]:C:\wwwroot\sahanaz1337.top\vendor\guzzlehttp\guzzle\src\Exception\RequestException.php:113<br>Client error: `POST https://tencent.3rd.mcycdn.com/store/service` resulted in a `403 Forbidden` response:
<html>
<head><title>403 Forbidden</title></head>
<body>
<center><h1>403 Forbidden</h1></center>
<hr><center>nginx</c (truncated...)

[2026-09-10 22:37:04]:C:\wwwroot\sahanaz1337.top\vendor\guzzlehttp\guzzle\src\Exception\RequestException.php:113<br>Client error: `POST https://tencent.3rd.mcycdn.com/store/service` resulted in a `403 Forbidden` response:
<html>
<head><title>403 Forbidden</title></head>
<body>
<center><h1>403 Forbidden</h1></center>
<hr><center>nginx</c (truncated...)

[2026-09-10 22:37:04]:C:\wwwroot\sahanaz1337.top\vendor\guzzlehttp\guzzle\src\Exception\RequestException.php:113<br>Client error: `POST https://tencent.3rd.mcycdn.com/store/plugins` resulted in a `403 Forbidden` response:
<html>
<head><title>403 Forbidden</title></head>
<body>
<center><h1>403 Forbidden</h1></center>
<hr><center>nginx</c (truncated...)

[2026-09-11 06:45:25]:C:\wwwroot\sahanaz1337.top\vendor\guzzlehttp\guzzle\src\Exception\RequestException.php:113<br>Client error: `POST https://tencent.3rd.mcycdn.com/store/plugins` resulted in a `403 Forbidden` response:
<html>
<head><title>403 Forbidden</title></head>
<body>
<center><h1>403 Forbidden</h1></center>
<hr><center>nginx</c (truncated...)

[2026-09-11 06:45:25]:C:\wwwroot\sahanaz1337.top\vendor\guzzlehttp\guzzle\src\Exception\RequestException.php:113<br>Client error: `POST https://tencent.3rd.mcycdn.com/store/service` resulted in a `403 Forbidden` response:
<html>
<head><title>403 Forbidden</title></head>
<body>
<center><h1>403 Forbidden</h1></center>
<hr><center>nginx</c (truncated...)

[2026-09-11 06:59:20]:C:\wwwroot\sahanaz1337.top\vendor\guzzlehttp\guzzle\src\Exception\RequestException.php:113<br>Client error: `POST https://tencent.3rd.mcycdn.com/store/plugins` resulted in a `403 Forbidden` response:
<html>
<head><title>403 Forbidden</title></head>
<body>
<center><h1>403 Forbidden</h1></center>
<hr><center>nginx</c (truncated...)

[2026-09-11 06:59:20]:C:\wwwroot\sahanaz1337.top\vendor\guzzlehttp\guzzle\src\Exception\RequestException.php:113<br>Client error: `POST https://tencent.3rd.mcycdn.com/store/service` resulted in a `403 Forbidden` response:
<html>
<head><title>403 Forbidden</title></head>
<body>
<center><h1>403 Forbidden</h1></center>
<hr><center>nginx</c (truncated...)

[2026-09-11 07:00:11]:C:\wwwroot\sahanaz1337.top\vendor\guzzlehttp\guzzle\src\Exception\RequestException.php:113<br>Client error: `POST https://tencent.3rd.mcycdn.com/store/service` resulted in a `403 Forbidden` response:
<html>
<head><title>403 Forbidden</title></head>
<body>
<center><h1>403 Forbidden</h1></center>
<hr><center>nginx</c (truncated...)

[2026-09-11 21:16:54]:C:\wwwroot\sahanaz1337.top\vendor\guzzlehttp\guzzle\src\Exception\RequestException.php:113<br>Client error: `POST https://tencent.3rd.mcycdn.com/store/service` resulted in a `403 Forbidden` response:
<html>
<head><title>403 Forbidden</title></head>
<body>
<center><h1>403 Forbidden</h1></center>
<hr><center>nginx</c (truncated...)

[2026-09-11 21:16:54]:C:\wwwroot\sahanaz1337.top\vendor\guzzlehttp\guzzle\src\Exception\RequestException.php:113<br>Client error: `POST https://tencent.3rd.mcycdn.com/store/plugins` resulted in a `403 Forbidden` response:
<html>
<head><title>403 Forbidden</title></head>
<body>
<center><h1>403 Forbidden</h1></center>
<hr><center>nginx</c (truncated...)

[2026-09-11 21:45:19]:C:\wwwroot\sahanaz1337.top\vendor\guzzlehttp\guzzle\src\Exception\RequestException.php:113<br>Client error: `POST https://tencent.3rd.mcycdn.com/store/service` resulted in a `403 Forbidden` response:
<html>
<head><title>403 Forbidden</title></head>
<body>
<center><h1>403 Forbidden</h1></center>
<hr><center>nginx</c (truncated...)

[2026-09-11 21:45:19]:C:\wwwroot\sahanaz1337.top\vendor\guzzlehttp\guzzle\src\Exception\RequestException.php:113<br>Client error: `POST https://tencent.3rd.mcycdn.com/store/plugins` resulted in a `403 Forbidden` response:
<html>
<head><title>403 Forbidden</title></head>
<body>
<center><h1>403 Forbidden</h1></center>
<hr><center>nginx</c (truncated...)

[2026-09-11 21:47:20]:C:\wwwroot\sahanaz1337.top\vendor\guzzlehttp\guzzle\src\Exception\RequestException.php:113<br>Client error: `POST https://tencent.3rd.mcycdn.com/store/service` resulted in a `403 Forbidden` response:
<html>
<head><title>403 Forbidden</title></head>
<body>
<center><h1>403 Forbidden</h1></center>
<hr><center>nginx</c (truncated...)

[2026-09-11 21:47:20]:C:\wwwroot\sahanaz1337.top\vendor\guzzlehttp\guzzle\src\Exception\RequestException.php:113<br>Client error: `POST https://tencent.3rd.mcycdn.com/store/plugins` resulted in a `403 Forbidden` response:
<html>
<head><title>403 Forbidden</title></head>
<body>
<center><h1>403 Forbidden</h1></center>
<hr><center>nginx</c (truncated...)

[2026-09-11 23:16:06]:C:\wwwroot\sahanaz1337.top\vendor\guzzlehttp\guzzle\src\Exception\RequestException.php:113<br>Client error: `POST https://tencent.3rd.mcycdn.com/store/plugins` resulted in a `403 Forbidden` response:
<html>
<head><title>403 Forbidden</title></head>
<body>
<center><h1>403 Forbidden</h1></center>
<hr><center>nginx</c (truncated...)

[2026-09-11 23:16:06]:C:\wwwroot\sahanaz1337.top\vendor\guzzlehttp\guzzle\src\Exception\RequestException.php:113<br>Client error: `POST https://tencent.3rd.mcycdn.com/store/service` resulted in a `403 Forbidden` response:
<html>
<head><title>403 Forbidden</title></head>
<body>
<center><h1>403 Forbidden</h1></center>
<hr><center>nginx</c (truncated...)

[2026-09-12 07:56:49]:C:\wwwroot\sahanaz1337.top\vendor\guzzlehttp\guzzle\src\Exception\RequestException.php:113<br>Client error: `POST https://tencent.3rd.mcycdn.com/store/service` resulted in a `403 Forbidden` response:
<html>
<head><title>403 Forbidden</title></head>
<body>
<center><h1>403 Forbidden</h1></center>
<hr><center>nginx</c (truncated...)

[2026-09-12 14:04:14]:C:\wwwroot\sahanaz1337.top\vendor\guzzlehttp\guzzle\src\Exception\RequestException.php:113<br>Client error: `POST https://tencent.3rd.mcycdn.com/store/plugins` resulted in a `403 Forbidden` response:
<html>
<head><title>403 Forbidden</title></head>
<body>
<center><h1>403 Forbidden</h1></center>
<hr><center>nginx</c (truncated...)

[2026-09-12 14:04:14]:C:\wwwroot\sahanaz1337.top\vendor\guzzlehttp\guzzle\src\Exception\RequestException.php:113<br>Client error: `POST https://tencent.3rd.mcycdn.com/store/service` resulted in a `403 Forbidden` response:
<html>
<head><title>403 Forbidden</title></head>
<body>
<center><h1>403 Forbidden</h1></center>
<hr><center>nginx</c (truncated...)

[2026-09-12 14:08:08]:C:\wwwroot\sahanaz1337.top\vendor\guzzlehttp\guzzle\src\Exception\RequestException.php:113<br>Client error: `POST https://tencent.3rd.mcycdn.com/store/service` resulted in a `403 Forbidden` response:
<html>
<head><title>403 Forbidden</title></head>
<body>
<center><h1>403 Forbidden</h1></center>
<hr><center>nginx</c (truncated...)

[2026-09-12 14:08:08]:C:\wwwroot\sahanaz1337.top\vendor\guzzlehttp\guzzle\src\Exception\RequestException.php:113<br>Client error: `POST https://tencent.3rd.mcycdn.com/store/plugins` resulted in a `403 Forbidden` response:
<html>
<head><title>403 Forbidden</title></head>
<body>
<center><h1>403 Forbidden</h1></center>
<hr><center>nginx</c (truncated...)

[2026-09-12 14:09:15]:C:\wwwroot\sahanaz1337.top\vendor\guzzlehttp\guzzle\src\Exception\RequestException.php:113<br>Client error: `POST https://tencent.3rd.mcycdn.com/store/service` resulted in a `403 Forbidden` response:
<html>
<head><title>403 Forbidden</title></head>
<body>
<center><h1>403 Forbidden</h1></center>
<hr><center>nginx</c (truncated...)

[2026-09-12 14:09:15]:C:\wwwroot\sahanaz1337.top\vendor\guzzlehttp\guzzle\src\Exception\RequestException.php:113<br>Client error: `POST https://tencent.3rd.mcycdn.com/store/plugins` resulted in a `403 Forbidden` response:
<html>
<head><title>403 Forbidden</title></head>
<body>
<center><h1>403 Forbidden</h1></center>
<hr><center>nginx</c (truncated...)

[2026-09-12 14:26:39]:C:\wwwroot\sahanaz1337.top\vendor\guzzlehttp\guzzle\src\Exception\RequestException.php:113<br>Client error: `POST https://tencent.3rd.mcycdn.com/store/plugins` resulted in a `403 Forbidden` response:
<html>
<head><title>403 Forbidden</title></head>
<body>
<center><h1>403 Forbidden</h1></center>
<hr><center>nginx</c (truncated...)

[2026-09-12 14:26:39]:C:\wwwroot\sahanaz1337.top\vendor\guzzlehttp\guzzle\src\Exception\RequestException.php:113<br>Client error: `POST https://tencent.3rd.mcycdn.com/store/service` resulted in a `403 Forbidden` response:
<html>
<head><title>403 Forbidden</title></head>
<body>
<center><h1>403 Forbidden</h1></center>
<hr><center>nginx</c (truncated...)

[2026-09-12 19:21:06]:C:\wwwroot\sahanaz1337.top\vendor\guzzlehttp\guzzle\src\Exception\RequestException.php:113<br>Client error: `POST https://tencent.3rd.mcycdn.com/store/plugins` resulted in a `403 Forbidden` response:
<html>
<head><title>403 Forbidden</title></head>
<body>
<center><h1>403 Forbidden</h1></center>
<hr><center>nginx</c (truncated...)

[2026-09-12 19:21:06]:C:\wwwroot\sahanaz1337.top\vendor\guzzlehttp\guzzle\src\Exception\RequestException.php:113<br>Client error: `POST https://tencent.3rd.mcycdn.com/store/service` resulted in a `403 Forbidden` response:
<html>
<head><title>403 Forbidden</title></head>
<body>
<center><h1>403 Forbidden</h1></center>
<hr><center>nginx</c (truncated...)

[2026-09-13 00:31:31]:C:\wwwroot\sahanaz1337.top\vendor\guzzlehttp\guzzle\src\Exception\RequestException.php:113<br>Client error: `POST https://tencent.3rd.mcycdn.com/store/plugins` resulted in a `403 Forbidden` response:
<html>
<head><title>403 Forbidden</title></head>
<body>
<center><h1>403 Forbidden</h1></center>
<hr><center>nginx</c (truncated...)

[2026-09-13 00:31:31]:C:\wwwroot\sahanaz1337.top\vendor\guzzlehttp\guzzle\src\Exception\RequestException.php:113<br>Client error: `POST https://tencent.3rd.mcycdn.com/store/service` resulted in a `403 Forbidden` response:
<html>
<head><title>403 Forbidden</title></head>
<body>
<center><h1>403 Forbidden</h1></center>
<hr><center>nginx</c (truncated...)

[2026-09-13 10:42:33]:C:\wwwroot\sahanaz1337.top\vendor\guzzlehttp\guzzle\src\Exception\RequestException.php:113<br>Client error: `POST https://tencent.3rd.mcycdn.com/store/plugins` resulted in a `403 Forbidden` response:
<html>
<head><title>403 Forbidden</title></head>
<body>
<center><h1>403 Forbidden</h1></center>
<hr><center>nginx</c (truncated...)

[2026-09-13 10:42:33]:C:\wwwroot\sahanaz1337.top\vendor\guzzlehttp\guzzle\src\Exception\RequestException.php:113<br>Client error: `POST https://tencent.3rd.mcycdn.com/store/service` resulted in a `403 Forbidden` response:
<html>
<head><title>403 Forbidden</title></head>
<body>
<center><h1>403 Forbidden</h1></center>
<hr><center>nginx</c (truncated...)

[2026-09-13 11:22:10]:C:\wwwroot\sahanaz1337.top\vendor\guzzlehttp\guzzle\src\Exception\RequestException.php:113<br>Client error: `POST https://tencent.3rd.mcycdn.com/store/plugins` resulted in a `403 Forbidden` response:
<html>
<head><title>403 Forbidden</title></head>
<body>
<center><h1>403 Forbidden</h1></center>
<hr><center>nginx</c (truncated...)

[2026-09-13 11:22:10]:C:\wwwroot\sahanaz1337.top\vendor\guzzlehttp\guzzle\src\Exception\RequestException.php:113<br>Client error: `POST https://tencent.3rd.mcycdn.com/store/service` resulted in a `403 Forbidden` response:
<html>
<head><title>403 Forbidden</title></head>
<body>
<center><h1>403 Forbidden</h1></center>
<hr><center>nginx</c (truncated...)

[2026-09-13 16:42:32]:C:\wwwroot\sahanaz1337.top\vendor\guzzlehttp\guzzle\src\Exception\RequestException.php:113<br>Client error: `POST https://tencent.3rd.mcycdn.com/store/service` resulted in a `403 Forbidden` response:
<html>
<head><title>403 Forbidden</title></head>
<body>
<center><h1>403 Forbidden</h1></center>
<hr><center>nginx</c (truncated...)

[2026-09-13 16:42:32]:C:\wwwroot\sahanaz1337.top\vendor\guzzlehttp\guzzle\src\Exception\RequestException.php:113<br>Client error: `POST https://tencent.3rd.mcycdn.com/store/plugins` resulted in a `403 Forbidden` response:
<html>
<head><title>403 Forbidden</title></head>
<body>
<center><h1>403 Forbidden</h1></center>
<hr><center>nginx</c (truncated...)

[2026-09-13 16:43:46]:C:\wwwroot\sahanaz1337.top\vendor\guzzlehttp\guzzle\src\Exception\RequestException.php:113<br>Client error: `POST https://tencent.3rd.mcycdn.com/store/service` resulted in a `403 Forbidden` response:
<html>
<head><title>403 Forbidden</title></head>
<body>
<center><h1>403 Forbidden</h1></center>
<hr><center>nginx</c (truncated...)

[2026-09-13 16:43:46]:C:\wwwroot\sahanaz1337.top\vendor\guzzlehttp\guzzle\src\Exception\RequestException.php:113<br>Client error: `POST https://tencent.3rd.mcycdn.com/store/plugins` resulted in a `403 Forbidden` response:
<html>
<head><title>403 Forbidden</title></head>
<body>
<center><h1>403 Forbidden</h1></center>
<hr><center>nginx</c (truncated...)

[2026-09-13 16:44:11]:C:\wwwroot\sahanaz1337.top\vendor\guzzlehttp\guzzle\src\Exception\RequestException.php:113<br>Client error: `POST https://tencent.3rd.mcycdn.com/store/plugins` resulted in a `403 Forbidden` response:
<html>
<head><title>403 Forbidden</title></head>
<body>
<center><h1>403 Forbidden</h1></center>
<hr><center>nginx</c (truncated...)

[2026-09-13 16:44:11]:C:\wwwroot\sahanaz1337.top\vendor\guzzlehttp\guzzle\src\Exception\RequestException.php:113<br>Client error: `POST https://tencent.3rd.mcycdn.com/store/service` resulted in a `403 Forbidden` response:
<html>
<head><title>403 Forbidden</title></head>
<body>
<center><h1>403 Forbidden</h1></center>
<hr><center>nginx</c (truncated...)

[2026-09-13 16:46:02]:C:\wwwroot\sahanaz1337.top\vendor\guzzlehttp\guzzle\src\Exception\RequestException.php:113<br>Client error: `POST https://tencent.3rd.mcycdn.com/store/plugins` resulted in a `403 Forbidden` response:
<html>
<head><title>403 Forbidden</title></head>
<body>
<center><h1>403 Forbidden</h1></center>
<hr><center>nginx</c (truncated...)

[2026-09-13 16:46:02]:C:\wwwroot\sahanaz1337.top\vendor\guzzlehttp\guzzle\src\Exception\RequestException.php:113<br>Client error: `POST https://tencent.3rd.mcycdn.com/store/service` resulted in a `403 Forbidden` response:
<html>
<head><title>403 Forbidden</title></head>
<body>
<center><h1>403 Forbidden</h1></center>
<hr><center>nginx</c (truncated...)

[2026-09-13 20:46:22]:C:\wwwroot\sahanaz1337.top\vendor\guzzlehttp\guzzle\src\Exception\RequestException.php:113<br>Client error: `POST https://tencent.3rd.mcycdn.com/store/service` resulted in a `403 Forbidden` response:
<html>
<head><title>403 Forbidden</title></head>
<body>
<center><h1>403 Forbidden</h1></center>
<hr><center>nginx</c (truncated...)

[2026-09-13 20:46:22]:C:\wwwroot\sahanaz1337.top\vendor\guzzlehttp\guzzle\src\Exception\RequestException.php:113<br>Client error: `POST https://tencent.3rd.mcycdn.com/store/plugins` resulted in a `403 Forbidden` response:
<html>
<head><title>403 Forbidden</title></head>
<body>
<center><h1>403 Forbidden</h1></center>
<hr><center>nginx</c (truncated...)

[2026-09-14 13:06:53]:C:\wwwroot\sahanaz1337.top\vendor\guzzlehttp\guzzle\src\Exception\RequestException.php:113<br>Client error: `POST https://tencent.3rd.mcycdn.com/store/service` resulted in a `403 Forbidden` response:
<html>
<head><title>403 Forbidden</title></head>
<body>
<center><h1>403 Forbidden</h1></center>
<hr><center>nginx</c (truncated...)

[2026-09-14 13:06:53]:C:\wwwroot\sahanaz1337.top\vendor\guzzlehttp\guzzle\src\Exception\RequestException.php:113<br>Client error: `POST https://tencent.3rd.mcycdn.com/store/plugins` resulted in a `403 Forbidden` response:
<html>
<head><title>403 Forbidden</title></head>
<body>
<center><h1>403 Forbidden</h1></center>
<hr><center>nginx</c (truncated...)

[2026-09-14 13:07:40]:C:\wwwroot\sahanaz1337.top\vendor\guzzlehttp\guzzle\src\Exception\RequestException.php:113<br>Client error: `POST https://tencent.3rd.mcycdn.com/store/plugins` resulted in a `403 Forbidden` response:
<html>
<head><title>403 Forbidden</title></head>
<body>
<center><h1>403 Forbidden</h1></center>
<hr><center>nginx</c (truncated...)

[2026-09-14 13:07:40]:C:\wwwroot\sahanaz1337.top\vendor\guzzlehttp\guzzle\src\Exception\RequestException.php:113<br>Client error: `POST https://tencent.3rd.mcycdn.com/store/service` resulted in a `403 Forbidden` response:
<html>
<head><title>403 Forbidden</title></head>
<body>
<center><h1>403 Forbidden</h1></center>
<hr><center>nginx</c (truncated...)

[2026-09-14 13:07:46]:C:\wwwroot\sahanaz1337.top\vendor\guzzlehttp\guzzle\src\Exception\RequestException.php:113<br>Client error: `POST https://tencent.3rd.mcycdn.com/store/plugins` resulted in a `403 Forbidden` response:
<html>
<head><title>403 Forbidden</title></head>
<body>
<center><h1>403 Forbidden</h1></center>
<hr><center>nginx</c (truncated...)

[2026-09-14 13:07:46]:C:\wwwroot\sahanaz1337.top\vendor\guzzlehttp\guzzle\src\Exception\RequestException.php:113<br>Client error: `POST https://tencent.3rd.mcycdn.com/store/service` resulted in a `403 Forbidden` response:
<html>
<head><title>403 Forbidden</title></head>
<body>
<center><h1>403 Forbidden</h1></center>
<hr><center>nginx</c (truncated...)

[2026-09-14 13:08:08]:C:\wwwroot\sahanaz1337.top\vendor\guzzlehttp\guzzle\src\Exception\RequestException.php:113<br>Client error: `POST https://tencent.3rd.mcycdn.com/store/plugins` resulted in a `403 Forbidden` response:
<html>
<head><title>403 Forbidden</title></head>
<body>
<center><h1>403 Forbidden</h1></center>
<hr><center>nginx</c (truncated...)

[2026-09-14 13:08:08]:C:\wwwroot\sahanaz1337.top\vendor\guzzlehttp\guzzle\src\Exception\RequestException.php:113<br>Client error: `POST https://tencent.3rd.mcycdn.com/store/service` resulted in a `403 Forbidden` response:
<html>
<head><title>403 Forbidden</title></head>
<body>
<center><h1>403 Forbidden</h1></center>
<hr><center>nginx</c (truncated...)

[2026-09-14 13:08:14]:C:\wwwroot\sahanaz1337.top\vendor\guzzlehttp\guzzle\src\Exception\RequestException.php:113<br>Client error: `POST https://tencent.3rd.mcycdn.com/store/plugins` resulted in a `403 Forbidden` response:
<html>
<head><title>403 Forbidden</title></head>
<body>
<center><h1>403 Forbidden</h1></center>
<hr><center>nginx</c (truncated...)

[2026-09-14 13:08:14]:C:\wwwroot\sahanaz1337.top\vendor\guzzlehttp\guzzle\src\Exception\RequestException.php:113<br>Client error: `POST https://tencent.3rd.mcycdn.com/store/service` resulted in a `403 Forbidden` response:
<html>
<head><title>403 Forbidden</title></head>
<body>
<center><h1>403 Forbidden</h1></center>
<hr><center>nginx</c (truncated...)

[2026-09-14 13:08:25]:C:\wwwroot\sahanaz1337.top\vendor\guzzlehttp\guzzle\src\Exception\RequestException.php:113<br>Client error: `POST https://tencent.3rd.mcycdn.com/store/service` resulted in a `403 Forbidden` response:
<html>
<head><title>403 Forbidden</title></head>
<body>
<center><h1>403 Forbidden</h1></center>
<hr><center>nginx</c (truncated...)

[2026-09-14 13:08:25]:C:\wwwroot\sahanaz1337.top\vendor\guzzlehttp\guzzle\src\Exception\RequestException.php:113<br>Client error: `POST https://tencent.3rd.mcycdn.com/store/plugins` resulted in a `403 Forbidden` response:
<html>
<head><title>403 Forbidden</title></head>
<body>
<center><h1>403 Forbidden</h1></center>
<hr><center>nginx</c (truncated...)

[2026-09-14 13:09:15]:C:\wwwroot\sahanaz1337.top\vendor\guzzlehttp\guzzle\src\Exception\RequestException.php:113<br>Client error: `POST https://tencent.3rd.mcycdn.com/store/plugins` resulted in a `403 Forbidden` response:
<html>
<head><title>403 Forbidden</title></head>
<body>
<center><h1>403 Forbidden</h1></center>
<hr><center>nginx</c (truncated...)

[2026-09-14 13:09:15]:C:\wwwroot\sahanaz1337.top\vendor\guzzlehttp\guzzle\src\Exception\RequestException.php:113<br>Client error: `POST https://tencent.3rd.mcycdn.com/store/service` resulted in a `403 Forbidden` response:
<html>
<head><title>403 Forbidden</title></head>
<body>
<center><h1>403 Forbidden</h1></center>
<hr><center>nginx</c (truncated...)

[2026-09-14 14:02:46]:C:\wwwroot\sahanaz1337.top\vendor\guzzlehttp\guzzle\src\Exception\RequestException.php:113<br>Client error: `POST https://tencent.3rd.mcycdn.com/store/plugins` resulted in a `403 Forbidden` response:
<html>
<head><title>403 Forbidden</title></head>
<body>
<center><h1>403 Forbidden</h1></center>
<hr><center>nginx</c (truncated...)

[2026-09-14 14:02:46]:C:\wwwroot\sahanaz1337.top\vendor\guzzlehttp\guzzle\src\Exception\RequestException.php:113<br>Client error: `POST https://tencent.3rd.mcycdn.com/store/service` resulted in a `403 Forbidden` response:
<html>
<head><title>403 Forbidden</title></head>
<body>
<center><h1>403 Forbidden</h1></center>
<hr><center>nginx</c (truncated...)

[2026-09-14 18:24:10]:C:\wwwroot\sahanaz1337.top\vendor\guzzlehttp\guzzle\src\Exception\RequestException.php:113<br>Client error: `POST https://tencent.3rd.mcycdn.com/store/service` resulted in a `403 Forbidden` response:
<html>
<head><title>403 Forbidden</title></head>
<body>
<center><h1>403 Forbidden</h1></center>
<hr><center>nginx</c (truncated...)

[2026-09-14 18:24:10]:C:\wwwroot\sahanaz1337.top\vendor\guzzlehttp\guzzle\src\Exception\RequestException.php:113<br>Client error: `POST https://tencent.3rd.mcycdn.com/store/plugins` resulted in a `403 Forbidden` response:
<html>
<head><title>403 Forbidden</title></head>
<body>
<center><h1>403 Forbidden</h1></center>
<hr><center>nginx</c (truncated...)

[2026-09-14 18:29:10]:C:\wwwroot\sahanaz1337.top\app\Controller\User\Api\Promote.php:127<br>App\Controller\User\Api\Promote::buildRow(): Argument #2 ($race) must be of type ?string, int given, called in C:\wwwroot\sahanaz1337.top\app\Controller\User\Api\Promote.php on line 60
[2026-09-14 18:31:23]:C:\wwwroot\sahanaz1337.top\app\Controller\User\Api\Promote.php:127<br>App\Controller\User\Api\Promote::buildRow(): Argument #2 ($race) must be of type ?string, int given, called in C:\wwwroot\sahanaz1337.top\app\Controller\User\Api\Promote.php on line 60
[2026-09-14 19:29:31]:C:\wwwroot\sahanaz1337.top\vendor\guzzlehttp\guzzle\src\Exception\RequestException.php:113<br>Client error: `POST https://tencent.3rd.mcycdn.com/store/service` resulted in a `403 Forbidden` response:
<html>
<head><title>403 Forbidden</title></head>
<body>
<center><h1>403 Forbidden</h1></center>
<hr><center>nginx</c (truncated...)

[2026-09-14 19:29:31]:C:\wwwroot\sahanaz1337.top\vendor\guzzlehttp\guzzle\src\Exception\RequestException.php:113<br>Client error: `POST https://tencent.3rd.mcycdn.com/store/plugins` resulted in a `403 Forbidden` response:
<html>
<head><title>403 Forbidden</title></head>
<body>
<center><h1>403 Forbidden</h1></center>
<hr><center>nginx</c (truncated...)

[2026-09-14 19:52:00]:C:\wwwroot\sahanaz1337.top\vendor\guzzlehttp\guzzle\src\Exception\RequestException.php:113<br>Client error: `POST https://tencent.3rd.mcycdn.com/store/service` resulted in a `403 Forbidden` response:
<html>
<head><title>403 Forbidden</title></head>
<body>
<center><h1>403 Forbidden</h1></center>
<hr><center>nginx</c (truncated...)

[2026-09-14 19:52:00]:C:\wwwroot\sahanaz1337.top\vendor\guzzlehttp\guzzle\src\Exception\RequestException.php:113<br>Client error: `POST https://tencent.3rd.mcycdn.com/store/plugins` resulted in a `403 Forbidden` response:
<html>
<head><title>403 Forbidden</title></head>
<body>
<center><h1>403 Forbidden</h1></center>
<hr><center>nginx</c (truncated...)

[2026-09-14 23:10:12]:C:\wwwroot\sahanaz1337.top\vendor\guzzlehttp\guzzle\src\Exception\RequestException.php:113<br>Client error: `POST https://tencent.3rd.mcycdn.com/store/service` resulted in a `403 Forbidden` response:
<html>
<head><title>403 Forbidden</title></head>
<body>
<center><h1>403 Forbidden</h1></center>
<hr><center>nginx</c (truncated...)

[2026-09-14 23:10:12]:C:\wwwroot\sahanaz1337.top\vendor\guzzlehttp\guzzle\src\Exception\RequestException.php:113<br>Client error: `POST https://tencent.3rd.mcycdn.com/store/plugins` resulted in a `403 Forbidden` response:
<html>
<head><title>403 Forbidden</title></head>
<body>
<center><h1>403 Forbidden</h1></center>
<hr><center>nginx</c (truncated...)

[2026-09-14 23:12:50]:C:\wwwroot\sahanaz1337.top\vendor\guzzlehttp\guzzle\src\Exception\RequestException.php:113<br>Client error: `POST https://tencent.3rd.mcycdn.com/store/plugins` resulted in a `403 Forbidden` response:
<html>
<head><title>403 Forbidden</title></head>
<body>
<center><h1>403 Forbidden</h1></center>
<hr><center>nginx</c (truncated...)

[2026-09-14 23:12:50]:C:\wwwroot\sahanaz1337.top\vendor\guzzlehttp\guzzle\src\Exception\RequestException.php:113<br>Client error: `POST https://tencent.3rd.mcycdn.com/store/service` resulted in a `403 Forbidden` response:
<html>
<head><title>403 Forbidden</title></head>
<body>
<center><h1>403 Forbidden</h1></center>
<hr><center>nginx</c (truncated...)

[2026-09-14 23:12:54]:C:\wwwroot\sahanaz1337.top\vendor\guzzlehttp\guzzle\src\Exception\RequestException.php:113<br>Client error: `POST https://tencent.3rd.mcycdn.com/store/service` resulted in a `403 Forbidden` response:
<html>
<head><title>403 Forbidden</title></head>
<body>
<center><h1>403 Forbidden</h1></center>
<hr><center>nginx</c (truncated...)

[2026-09-14 23:12:54]:C:\wwwroot\sahanaz1337.top\vendor\guzzlehttp\guzzle\src\Exception\RequestException.php:113<br>Client error: `POST https://tencent.3rd.mcycdn.com/store/plugins` resulted in a `403 Forbidden` response:
<html>
<head><title>403 Forbidden</title></head>
<body>
<center><h1>403 Forbidden</h1></center>
<hr><center>nginx</c (truncated...)

[2026-09-14 23:12:59]:C:\wwwroot\sahanaz1337.top\vendor\guzzlehttp\guzzle\src\Exception\RequestException.php:113<br>Client error: `POST https://tencent.3rd.mcycdn.com/store/service` resulted in a `403 Forbidden` response:
<html>
<head><title>403 Forbidden</title></head>
<body>
<center><h1>403 Forbidden</h1></center>
<hr><center>nginx</c (truncated...)

[2026-09-14 23:12:59]:C:\wwwroot\sahanaz1337.top\vendor\guzzlehttp\guzzle\src\Exception\RequestException.php:113<br>Client error: `POST https://tencent.3rd.mcycdn.com/store/plugins` resulted in a `403 Forbidden` response:
<html>
<head><title>403 Forbidden</title></head>
<body>
<center><h1>403 Forbidden</h1></center>
<hr><center>nginx</c (truncated...)

[2026-09-14 23:13:06]:C:\wwwroot\sahanaz1337.top\vendor\guzzlehttp\guzzle\src\Exception\RequestException.php:113<br>Client error: `POST https://tencent.3rd.mcycdn.com/store/plugins` resulted in a `403 Forbidden` response:
<html>
<head><title>403 Forbidden</title></head>
<body>
<center><h1>403 Forbidden</h1></center>
<hr><center>nginx</c (truncated...)

[2026-09-14 23:13:06]:C:\wwwroot\sahanaz1337.top\vendor\guzzlehttp\guzzle\src\Exception\RequestException.php:113<br>Client error: `POST https://tencent.3rd.mcycdn.com/store/service` resulted in a `403 Forbidden` response:
<html>
<head><title>403 Forbidden</title></head>
<body>
<center><h1>403 Forbidden</h1></center>
<hr><center>nginx</c (truncated...)

[2026-09-15 06:46:39]:C:\wwwroot\sahanaz1337.top\vendor\guzzlehttp\guzzle\src\Exception\RequestException.php:113<br>Client error: `POST https://tencent.3rd.mcycdn.com/store/plugins` resulted in a `403 Forbidden` response:
<html>
<head><title>403 Forbidden</title></head>
<body>
<center><h1>403 Forbidden</h1></center>
<hr><center>nginx</c (truncated...)

[2026-09-15 06:46:39]:C:\wwwroot\sahanaz1337.top\vendor\guzzlehttp\guzzle\src\Exception\RequestException.php:113<br>Client error: `POST https://tencent.3rd.mcycdn.com/store/service` resulted in a `403 Forbidden` response:
<html>
<head><title>403 Forbidden</title></head>
<body>
<center><h1>403 Forbidden</h1></center>
<hr><center>nginx</c (truncated...)

[2026-09-15 16:52:41]:C:\wwwroot\sahanaz1337.top\vendor\guzzlehttp\guzzle\src\Exception\RequestException.php:113<br>Client error: `POST https://tencent.3rd.mcycdn.com/store/service` resulted in a `403 Forbidden` response:
<html>
<head><title>403 Forbidden</title></head>
<body>
<center><h1>403 Forbidden</h1></center>
<hr><center>nginx</c (truncated...)

[2026-09-15 16:52:41]:C:\wwwroot\sahanaz1337.top\vendor\guzzlehttp\guzzle\src\Exception\RequestException.php:113<br>Client error: `POST https://tencent.3rd.mcycdn.com/store/plugins` resulted in a `403 Forbidden` response:
<html>
<head><title>403 Forbidden</title></head>
<body>
<center><h1>403 Forbidden</h1></center>
<hr><center>nginx</c (truncated...)

[2026-09-15 16:53:14]:C:\wwwroot\sahanaz1337.top\vendor\guzzlehttp\guzzle\src\Exception\RequestException.php:113<br>Client error: `POST https://tencent.3rd.mcycdn.com/store/plugins` resulted in a `403 Forbidden` response:
<html>
<head><title>403 Forbidden</title></head>
<body>
<center><h1>403 Forbidden</h1></center>
<hr><center>nginx</c (truncated...)

[2026-09-15 16:53:14]:C:\wwwroot\sahanaz1337.top\vendor\guzzlehttp\guzzle\src\Exception\RequestException.php:113<br>Client error: `POST https://tencent.3rd.mcycdn.com/store/service` resulted in a `403 Forbidden` response:
<html>
<head><title>403 Forbidden</title></head>
<body>
<center><h1>403 Forbidden</h1></center>
<hr><center>nginx</c (truncated...)

[2026-09-15 19:53:19]:C:\wwwroot\sahanaz1337.top\vendor\guzzlehttp\guzzle\src\Exception\RequestException.php:113<br>Client error: `POST https://tencent.3rd.mcycdn.com/store/plugins` resulted in a `403 Forbidden` response:
<html>
<head><title>403 Forbidden</title></head>
<body>
<center><h1>403 Forbidden</h1></center>
<hr><center>nginx</c (truncated...)

[2026-09-15 19:53:19]:C:\wwwroot\sahanaz1337.top\vendor\guzzlehttp\guzzle\src\Exception\RequestException.php:113<br>Client error: `POST https://tencent.3rd.mcycdn.com/store/service` resulted in a `403 Forbidden` response:
<html>
<head><title>403 Forbidden</title></head>
<body>
<center><h1>403 Forbidden</h1></center>
<hr><center>nginx</c (truncated...)

[2026-09-15 22:16:44]:C:\wwwroot\sahanaz1337.top\vendor\guzzlehttp\guzzle\src\Exception\RequestException.php:113<br>Client error: `POST https://tencent.3rd.mcycdn.com/store/service` resulted in a `403 Forbidden` response:
<html>
<head><title>403 Forbidden</title></head>
<body>
<center><h1>403 Forbidden</h1></center>
<hr><center>nginx</c (truncated...)

[2026-09-15 22:16:45]:C:\wwwroot\sahanaz1337.top\vendor\guzzlehttp\guzzle\src\Exception\RequestException.php:113<br>Client error: `POST https://tencent.3rd.mcycdn.com/store/plugins` resulted in a `403 Forbidden` response:
<html>
<head><title>403 Forbidden</title></head>
<body>
<center><h1>403 Forbidden</h1></center>
<hr><center>nginx</c (truncated...)

[2026-09-15 22:38:47]:C:\wwwroot\sahanaz1337.top\vendor\guzzlehttp\guzzle\src\Exception\RequestException.php:113<br>Client error: `POST https://tencent.3rd.mcycdn.com/store/plugins` resulted in a `403 Forbidden` response:
<html>
<head><title>403 Forbidden</title></head>
<body>
<center><h1>403 Forbidden</h1></center>
<hr><center>nginx</c (truncated...)

[2026-09-15 22:38:47]:C:\wwwroot\sahanaz1337.top\vendor\guzzlehttp\guzzle\src\Exception\RequestException.php:113<br>Client error: `POST https://tencent.3rd.mcycdn.com/store/service` resulted in a `403 Forbidden` response:
<html>
<head><title>403 Forbidden</title></head>
<body>
<center><h1>403 Forbidden</h1></center>
<hr><center>nginx</c (truncated...)

[2026-09-15 22:49:57]:C:\wwwroot\sahanaz1337.top\vendor\guzzlehttp\guzzle\src\Exception\RequestException.php:113<br>Client error: `POST https://tencent.3rd.mcycdn.com/store/plugins` resulted in a `403 Forbidden` response:
<html>
<head><title>403 Forbidden</title></head>
<body>
<center><h1>403 Forbidden</h1></center>
<hr><center>nginx</c (truncated...)

[2026-09-15 22:49:57]:C:\wwwroot\sahanaz1337.top\vendor\guzzlehttp\guzzle\src\Exception\RequestException.php:113<br>Client error: `POST https://tencent.3rd.mcycdn.com/store/service` resulted in a `403 Forbidden` response:
<html>
<head><title>403 Forbidden</title></head>
<body>
<center><h1>403 Forbidden</h1></center>
<hr><center>nginx</c (truncated...)

[2026-09-16 06:40:54]:C:\wwwroot\sahanaz1337.top\vendor\guzzlehttp\guzzle\src\Exception\RequestException.php:113<br>Client error: `POST https://tencent.3rd.mcycdn.com/store/service` resulted in a `403 Forbidden` response:
<html>
<head><title>403 Forbidden</title></head>
<body>
<center><h1>403 Forbidden</h1></center>
<hr><center>nginx</c (truncated...)

[2026-09-16 06:40:54]:C:\wwwroot\sahanaz1337.top\vendor\guzzlehttp\guzzle\src\Exception\RequestException.php:113<br>Client error: `POST https://tencent.3rd.mcycdn.com/store/plugins` resulted in a `403 Forbidden` response:
<html>
<head><title>403 Forbidden</title></head>
<body>
<center><h1>403 Forbidden</h1></center>
<hr><center>nginx</c (truncated...)

[2026-09-16 06:44:11]:C:\wwwroot\sahanaz1337.top\vendor\guzzlehttp\guzzle\src\Exception\RequestException.php:113<br>Client error: `POST https://tencent.3rd.mcycdn.com/store/plugins` resulted in a `403 Forbidden` response:
<html>
<head><title>403 Forbidden</title></head>
<body>
<center><h1>403 Forbidden</h1></center>
<hr><center>nginx</c (truncated...)

[2026-09-16 06:44:11]:C:\wwwroot\sahanaz1337.top\vendor\guzzlehttp\guzzle\src\Exception\RequestException.php:113<br>Client error: `POST https://tencent.3rd.mcycdn.com/store/service` resulted in a `403 Forbidden` response:
<html>
<head><title>403 Forbidden</title></head>
<body>
<center><h1>403 Forbidden</h1></center>
<hr><center>nginx</c (truncated...)

[2026-09-16 06:53:21]:C:\wwwroot\sahanaz1337.top\vendor\guzzlehttp\guzzle\src\Exception\RequestException.php:113<br>Client error: `POST https://tencent.3rd.mcycdn.com/store/plugins` resulted in a `403 Forbidden` response:
<html>
<head><title>403 Forbidden</title></head>
<body>
<center><h1>403 Forbidden</h1></center>
<hr><center>nginx</c (truncated...)

[2026-09-16 06:53:21]:C:\wwwroot\sahanaz1337.top\vendor\guzzlehttp\guzzle\src\Exception\RequestException.php:113<br>Client error: `POST https://tencent.3rd.mcycdn.com/store/service` resulted in a `403 Forbidden` response:
<html>
<head><title>403 Forbidden</title></head>
<body>
<center><h1>403 Forbidden</h1></center>
<hr><center>nginx</c (truncated...)

[2026-09-16 13:40:17]:C:\wwwroot\sahanaz1337.top\vendor\guzzlehttp\guzzle\src\Exception\RequestException.php:113<br>Client error: `POST https://tencent.3rd.mcycdn.com/store/plugins` resulted in a `403 Forbidden` response:
<html>
<head><title>403 Forbidden</title></head>
<body>
<center><h1>403 Forbidden</h1></center>
<hr><center>nginx</c (truncated...)

[2026-09-16 13:40:17]:C:\wwwroot\sahanaz1337.top\vendor\guzzlehttp\guzzle\src\Exception\RequestException.php:113<br>Client error: `POST https://tencent.3rd.mcycdn.com/store/service` resulted in a `403 Forbidden` response:
<html>
<head><title>403 Forbidden</title></head>
<body>
<center><h1>403 Forbidden</h1></center>
<hr><center>nginx</c (truncated...)

[2026-09-16 15:15:19]:C:\wwwroot\sahanaz1337.top\vendor\guzzlehttp\guzzle\src\Exception\RequestException.php:113<br>Client error: `POST https://tencent.3rd.mcycdn.com/store/plugins` resulted in a `403 Forbidden` response:
<html>
<head><title>403 Forbidden</title></head>
<body>
<center><h1>403 Forbidden</h1></center>
<hr><center>nginx</c (truncated...)

[2026-09-16 15:15:19]:C:\wwwroot\sahanaz1337.top\vendor\guzzlehttp\guzzle\src\Exception\RequestException.php:113<br>Client error: `POST https://tencent.3rd.mcycdn.com/store/service` resulted in a `403 Forbidden` response:
<html>
<head><title>403 Forbidden</title></head>
<body>
<center><h1>403 Forbidden</h1></center>
<hr><center>nginx</c (truncated...)

[2026-09-16 18:32:18]:C:\wwwroot\sahanaz1337.top\vendor\guzzlehttp\guzzle\src\Exception\RequestException.php:113<br>Client error: `POST https://tencent.3rd.mcycdn.com/store/service` resulted in a `403 Forbidden` response:
<html>
<head><title>403 Forbidden</title></head>
<body>
<center><h1>403 Forbidden</h1></center>
<hr><center>nginx</c (truncated...)

[2026-09-16 18:32:18]:C:\wwwroot\sahanaz1337.top\vendor\guzzlehttp\guzzle\src\Exception\RequestException.php:113<br>Client error: `POST https://tencent.3rd.mcycdn.com/store/plugins` resulted in a `403 Forbidden` response:
<html>
<head><title>403 Forbidden</title></head>
<body>
<center><h1>403 Forbidden</h1></center>
<hr><center>nginx</c (truncated...)

[2026-09-16 21:09:08]:C:\wwwroot\sahanaz1337.top\vendor\guzzlehttp\guzzle\src\Exception\RequestException.php:113<br>Client error: `POST https://tencent.3rd.mcycdn.com/store/plugins` resulted in a `403 Forbidden` response:
<html>
<head><title>403 Forbidden</title></head>
<body>
<center><h1>403 Forbidden</h1></center>
<hr><center>nginx</c (truncated...)

[2026-09-16 21:09:08]:C:\wwwroot\sahanaz1337.top\vendor\guzzlehttp\guzzle\src\Exception\RequestException.php:113<br>Client error: `POST https://tencent.3rd.mcycdn.com/store/service` resulted in a `403 Forbidden` response:
<html>
<head><title>403 Forbidden</title></head>
<body>
<center><h1>403 Forbidden</h1></center>
<hr><center>nginx</c (truncated...)

[2026-09-16 21:13:14]:C:\wwwroot\sahanaz1337.top\vendor\guzzlehttp\guzzle\src\Exception\RequestException.php:113<br>Client error: `POST https://tencent.3rd.mcycdn.com/store/plugins` resulted in a `403 Forbidden` response:
<html>
<head><title>403 Forbidden</title></head>
<body>
<center><h1>403 Forbidden</h1></center>
<hr><center>nginx</c (truncated...)

[2026-09-16 21:13:14]:C:\wwwroot\sahanaz1337.top\vendor\guzzlehttp\guzzle\src\Exception\RequestException.php:113<br>Client error: `POST https://tencent.3rd.mcycdn.com/store/service` resulted in a `403 Forbidden` response:
<html>
<head><title>403 Forbidden</title></head>
<body>
<center><h1>403 Forbidden</h1></center>
<hr><center>nginx</c (truncated...)

[2026-09-16 21:30:33]:C:\wwwroot\sahanaz1337.top\vendor\guzzlehttp\guzzle\src\Exception\RequestException.php:113<br>Client error: `POST https://tencent.3rd.mcycdn.com/store/service` resulted in a `403 Forbidden` response:
<html>
<head><title>403 Forbidden</title></head>
<body>
<center><h1>403 Forbidden</h1></center>
<hr><center>nginx</c (truncated...)

[2026-09-16 21:30:33]:C:\wwwroot\sahanaz1337.top\vendor\guzzlehttp\guzzle\src\Exception\RequestException.php:113<br>Client error: `POST https://tencent.3rd.mcycdn.com/store/plugins` resulted in a `403 Forbidden` response:
<html>
<head><title>403 Forbidden</title></head>
<body>
<center><h1>403 Forbidden</h1></center>
<hr><center>nginx</c (truncated...)

[2026-09-16 21:30:34]:C:\wwwroot\sahanaz1337.top\vendor\guzzlehttp\guzzle\src\Exception\RequestException.php:113<br>Client error: `POST https://tencent.3rd.mcycdn.com/store/plugins` resulted in a `403 Forbidden` response:
<html>
<head><title>403 Forbidden</title></head>
<body>
<center><h1>403 Forbidden</h1></center>
<hr><center>nginx</c (truncated...)

[2026-09-16 21:30:34]:C:\wwwroot\sahanaz1337.top\vendor\guzzlehttp\guzzle\src\Exception\RequestException.php:113<br>Client error: `POST https://tencent.3rd.mcycdn.com/store/service` resulted in a `403 Forbidden` response:
<html>
<head><title>403 Forbidden</title></head>
<body>
<center><h1>403 Forbidden</h1></center>
<hr><center>nginx</c (truncated...)

[2026-09-17 06:56:39]:C:\wwwroot\sahanaz1337.top\vendor\guzzlehttp\guzzle\src\Exception\RequestException.php:113<br>Client error: `POST https://tencent.3rd.mcycdn.com/store/plugins` resulted in a `403 Forbidden` response:
<html>
<head><title>403 Forbidden</title></head>
<body>
<center><h1>403 Forbidden</h1></center>
<hr><center>nginx</c (truncated...)

[2026-09-17 06:56:39]:C:\wwwroot\sahanaz1337.top\vendor\guzzlehttp\guzzle\src\Exception\RequestException.php:113<br>Client error: `POST https://tencent.3rd.mcycdn.com/store/service` resulted in a `403 Forbidden` response:
<html>
<head><title>403 Forbidden</title></head>
<body>
<center><h1>403 Forbidden</h1></center>
<hr><center>nginx</c (truncated...)

[2026-09-17 11:21:52]:C:\wwwroot\sahanaz1337.top\vendor\guzzlehttp\guzzle\src\Exception\RequestException.php:113<br>Client error: `POST https://tencent.3rd.mcycdn.com/store/plugins` resulted in a `403 Forbidden` response:
<html>
<head><title>403 Forbidden</title></head>
<body>
<center><h1>403 Forbidden</h1></center>
<hr><center>nginx</c (truncated...)

[2026-09-17 11:21:52]:C:\wwwroot\sahanaz1337.top\vendor\guzzlehttp\guzzle\src\Exception\RequestException.php:113<br>Client error: `POST https://tencent.3rd.mcycdn.com/store/service` resulted in a `403 Forbidden` response:
<html>
<head><title>403 Forbidden</title></head>
<body>
<center><h1>403 Forbidden</h1></center>
<hr><center>nginx</c (truncated...)

[2026-09-17 15:21:20]:C:\wwwroot\sahanaz1337.top\vendor\guzzlehttp\guzzle\src\Exception\RequestException.php:113<br>Client error: `POST https://tencent.3rd.mcycdn.com/store/plugins` resulted in a `403 Forbidden` response:
<html>
<head><title>403 Forbidden</title></head>
<body>
<center><h1>403 Forbidden</h1></center>
<hr><center>nginx</c (truncated...)

[2026-09-17 15:21:20]:C:\wwwroot\sahanaz1337.top\vendor\guzzlehttp\guzzle\src\Exception\RequestException.php:113<br>Client error: `POST https://tencent.3rd.mcycdn.com/store/service` resulted in a `403 Forbidden` response:
<html>
<head><title>403 Forbidden</title></head>
<body>
<center><h1>403 Forbidden</h1></center>
<hr><center>nginx</c (truncated...)

[2026-09-17 21:35:54]:C:\wwwroot\sahanaz1337.top\vendor\guzzlehttp\guzzle\src\Exception\RequestException.php:113<br>Client error: `POST https://tencent.3rd.mcycdn.com/store/plugins` resulted in a `403 Forbidden` response:
<html>
<head><title>403 Forbidden</title></head>
<body>
<center><h1>403 Forbidden</h1></center>
<hr><center>nginx</c (truncated...)

[2026-09-17 21:35:54]:C:\wwwroot\sahanaz1337.top\vendor\guzzlehttp\guzzle\src\Exception\RequestException.php:113<br>Client error: `POST https://tencent.3rd.mcycdn.com/store/service` resulted in a `403 Forbidden` response:
<html>
<head><title>403 Forbidden</title></head>
<body>
<center><h1>403 Forbidden</h1></center>
<hr><center>nginx</c (truncated...)

[2026-09-17 22:40:04]:C:\wwwroot\sahanaz1337.top\vendor\guzzlehttp\guzzle\src\Exception\RequestException.php:113<br>Client error: `POST https://tencent.3rd.mcycdn.com/store/plugins` resulted in a `403 Forbidden` response:
<html>
<head><title>403 Forbidden</title></head>
<body>
<center><h1>403 Forbidden</h1></center>
<hr><center>nginx</c (truncated...)

[2026-09-17 22:40:04]:C:\wwwroot\sahanaz1337.top\vendor\guzzlehttp\guzzle\src\Exception\RequestException.php:113<br>Client error: `POST https://tencent.3rd.mcycdn.com/store/service` resulted in a `403 Forbidden` response:
<html>
<head><title>403 Forbidden</title></head>
<body>
<center><h1>403 Forbidden</h1></center>
<hr><center>nginx</c (truncated...)

[2026-09-17 23:11:26]:C:\wwwroot\sahanaz1337.top\vendor\guzzlehttp\guzzle\src\Exception\RequestException.php:113<br>Client error: `POST https://tencent.3rd.mcycdn.com/store/plugins` resulted in a `403 Forbidden` response:
<html>
<head><title>403 Forbidden</title></head>
<body>
<center><h1>403 Forbidden</h1></center>
<hr><center>nginx</c (truncated...)

[2026-09-17 23:11:26]:C:\wwwroot\sahanaz1337.top\vendor\guzzlehttp\guzzle\src\Exception\RequestException.php:113<br>Client error: `POST https://tencent.3rd.mcycdn.com/store/service` resulted in a `403 Forbidden` response:
<html>
<head><title>403 Forbidden</title></head>
<body>
<center><h1>403 Forbidden</h1></center>
<hr><center>nginx</c (truncated...)

[2026-09-17 23:41:11]:C:\wwwroot\sahanaz1337.top\vendor\guzzlehttp\guzzle\src\Exception\RequestException.php:113<br>Client error: `POST https://tencent.3rd.mcycdn.com/store/service` resulted in a `403 Forbidden` response:
<html>
<head><title>403 Forbidden</title></head>
<body>
<center><h1>403 Forbidden</h1></center>
<hr><center>nginx</c (truncated...)

[2026-09-17 23:41:11]:C:\wwwroot\sahanaz1337.top\vendor\guzzlehttp\guzzle\src\Exception\RequestException.php:113<br>Client error: `POST https://tencent.3rd.mcycdn.com/store/plugins` resulted in a `403 Forbidden` response:
<html>
<head><title>403 Forbidden</title></head>
<body>
<center><h1>403 Forbidden</h1></center>
<hr><center>nginx</c (truncated...)

[2026-09-18 10:44:39]:C:\wwwroot\sahanaz1337.top\vendor\guzzlehttp\guzzle\src\Exception\RequestException.php:113<br>Client error: `POST https://tencent.3rd.mcycdn.com/store/plugins` resulted in a `403 Forbidden` response:
<html>
<head><title>403 Forbidden</title></head>
<body>
<center><h1>403 Forbidden</h1></center>
<hr><center>nginx</c (truncated...)

[2026-09-18 10:44:39]:C:\wwwroot\sahanaz1337.top\vendor\guzzlehttp\guzzle\src\Exception\RequestException.php:113<br>Client error: `POST https://tencent.3rd.mcycdn.com/store/service` resulted in a `403 Forbidden` response:
<html>
<head><title>403 Forbidden</title></head>
<body>
<center><h1>403 Forbidden</h1></center>
<hr><center>nginx</c (truncated...)

[2026-09-18 18:07:44]:C:\wwwroot\sahanaz1337.top\vendor\guzzlehttp\guzzle\src\Exception\RequestException.php:113<br>Client error: `POST https://tencent.3rd.mcycdn.com/store/service` resulted in a `403 Forbidden` response:
<html>
<head><title>403 Forbidden</title></head>
<body>
<center><h1>403 Forbidden</h1></center>
<hr><center>nginx</c (truncated...)

[2026-09-18 18:07:44]:C:\wwwroot\sahanaz1337.top\vendor\guzzlehttp\guzzle\src\Exception\RequestException.php:113<br>Client error: `POST https://tencent.3rd.mcycdn.com/store/plugins` resulted in a `403 Forbidden` response:
<html>
<head><title>403 Forbidden</title></head>
<body>
<center><h1>403 Forbidden</h1></center>
<hr><center>nginx</c (truncated...)

[2026-09-18 19:43:33]:C:\wwwroot\sahanaz1337.top\vendor\guzzlehttp\guzzle\src\Exception\RequestException.php:113<br>Client error: `POST https://tencent.3rd.mcycdn.com/store/service` resulted in a `403 Forbidden` response:
<html>
<head><title>403 Forbidden</title></head>
<body>
<center><h1>403 Forbidden</h1></center>
<hr><center>nginx</c (truncated...)

[2026-09-18 19:43:33]:C:\wwwroot\sahanaz1337.top\vendor\guzzlehttp\guzzle\src\Exception\RequestException.php:113<br>Client error: `POST https://tencent.3rd.mcycdn.com/store/plugins` resulted in a `403 Forbidden` response:
<html>
<head><title>403 Forbidden</title></head>
<body>
<center><h1>403 Forbidden</h1></center>
<hr><center>nginx</c (truncated...)

[2026-09-18 21:19:35]:C:\wwwroot\sahanaz1337.top\vendor\guzzlehttp\guzzle\src\Exception\RequestException.php:113<br>Client error: `POST https://tencent.3rd.mcycdn.com/store/plugins` resulted in a `403 Forbidden` response:
<html>
<head><title>403 Forbidden</title></head>
<body>
<center><h1>403 Forbidden</h1></center>
<hr><center>nginx</c (truncated...)

[2026-09-18 21:19:35]:C:\wwwroot\sahanaz1337.top\vendor\guzzlehttp\guzzle\src\Exception\RequestException.php:113<br>Client error: `POST https://tencent.3rd.mcycdn.com/store/service` resulted in a `403 Forbidden` response:
<html>
<head><title>403 Forbidden</title></head>
<body>
<center><h1>403 Forbidden</h1></center>
<hr><center>nginx</c (truncated...)

[2026-09-18 22:01:25]:C:\wwwroot\sahanaz1337.top\vendor\guzzlehttp\guzzle\src\Exception\RequestException.php:113<br>Client error: `POST https://tencent.3rd.mcycdn.com/store/service` resulted in a `403 Forbidden` response:
<html>
<head><title>403 Forbidden</title></head>
<body>
<center><h1>403 Forbidden</h1></center>
<hr><center>nginx</c (truncated...)

[2026-09-18 22:01:25]:C:\wwwroot\sahanaz1337.top\vendor\guzzlehttp\guzzle\src\Exception\RequestException.php:113<br>Client error: `POST https://tencent.3rd.mcycdn.com/store/plugins` resulted in a `403 Forbidden` response:
<html>
<head><title>403 Forbidden</title></head>
<body>
<center><h1>403 Forbidden</h1></center>
<hr><center>nginx</c (truncated...)

[2026-09-18 22:49:21]:C:\wwwroot\sahanaz1337.top\vendor\guzzlehttp\guzzle\src\Exception\RequestException.php:113<br>Client error: `POST https://tencent.3rd.mcycdn.com/store/service` resulted in a `403 Forbidden` response:
<html>
<head><title>403 Forbidden</title></head>
<body>
<center><h1>403 Forbidden</h1></center>
<hr><center>nginx</c (truncated...)

[2026-09-18 22:49:21]:C:\wwwroot\sahanaz1337.top\vendor\guzzlehttp\guzzle\src\Exception\RequestException.php:113<br>Client error: `POST https://tencent.3rd.mcycdn.com/store/plugins` resulted in a `403 Forbidden` response:
<html>
<head><title>403 Forbidden</title></head>
<body>
<center><h1>403 Forbidden</h1></center>
<hr><center>nginx</c (truncated...)

[2026-09-19 00:19:47]:C:\wwwroot\sahanaz1337.top\vendor\guzzlehttp\guzzle\src\Exception\RequestException.php:113<br>Client error: `POST https://tencent.3rd.mcycdn.com/store/service` resulted in a `403 Forbidden` response:
<html>
<head><title>403 Forbidden</title></head>
<body>
<center><h1>403 Forbidden</h1></center>
<hr><center>nginx</c (truncated...)

[2026-09-19 00:19:47]:C:\wwwroot\sahanaz1337.top\vendor\guzzlehttp\guzzle\src\Exception\RequestException.php:113<br>Client error: `POST https://tencent.3rd.mcycdn.com/store/plugins` resulted in a `403 Forbidden` response:
<html>
<head><title>403 Forbidden</title></head>
<body>
<center><h1>403 Forbidden</h1></center>
<hr><center>nginx</c (truncated...)

